============================= test session starts =============================
platform win32 -- Python 3.12.4, pytest-9.0.0, pluggy-1.6.0
rootdir: C:\Users\DELL\Desktop\personal projects\Guardrails\guardrails
plugins: anyio-4.11.0
collected 5 items

tests\test_pipeda.py ..F..                                               [100%]

================================== FAILURES ===================================
_________________________ test_postal_code_detection __________________________

engine = <app.compliance.engine.ComplianceEngine object at 0x000002628C954C20>

    def test_postal_code_detection(engine):
        """Test detection of Canadian postal codes"""
        text = "I live at M5V 2T6 in Toronto"
    
        result = engine.check_compliance(text, [], frameworks=["PIPEDA"])
    
>       assert not result.compliant
E       AssertionError: assert not True
E        +  where True = ComplianceResult(frameworks_checked=['PIPEDA'], violations=[ComplianceViolation(rule_id='pipeda_002', framework='PIPED...ce delivery', action=<ComplianceAction.REDACT: 'redact'>, matched_content='M5V 2T6', entity_types=[])], compliant=True).compliant

tests\test_pipeda.py:41: AssertionError
=========================== short test summary info ===========================
FAILED tests/test_pipeda.py::test_postal_code_detection - AssertionError: ass...
========================= 1 failed, 4 passed in 0.72s =========================
